JAVA PROFILE 1.0.1, created Tue Feb 10 16:19:16 2009

Header for -agentlib:hprof (or -Xrunhprof) ASCII Output (JDK 5.0 JVMTI based)

@(#)jvm.hprof.txt	1.5 06/01/28

 Copyright (c) 2006 Sun Microsystems, Inc. All  Rights Reserved.

WARNING!  This file format is under development, and is subject to
change without notice.

This file contains the following types of records:

THREAD START
THREAD END      mark the lifetime of Java threads

TRACE           represents a Java stack trace.  Each trace consists
                of a series of stack frames.  Other records refer to
                TRACEs to identify (1) where object allocations have
                taken place, (2) the frames in which GC roots were
                found, and (3) frequently executed methods.

HEAP DUMP       is a complete snapshot of all live objects in the Java
                heap.  Following distinctions are made:

                ROOT    root set as determined by GC
                CLS     classes 
                OBJ     instances
                ARR     arrays

SITES           is a sorted list of allocation sites.  This identifies
                the most heavily allocated object types, and the TRACE
                at which those allocations occurred.

CPU SAMPLES     is a statistical profile of program execution.  The VM
                periodically samples all running threads, and assigns
                a quantum to active TRACEs in those threads.  Entries
                in this record are TRACEs ranked by the percentage of
                total quanta they consumed; top-ranked TRACEs are
                typically hot spots in the program.

CPU TIME        is a profile of program execution obtained by measuring
                the time spent in individual methods (excluding the time
                spent in callees), as well as by counting the number of
                times each method is called. Entries in this record are
                TRACEs ranked by the percentage of total CPU time. The
                "count" field indicates the number of times each TRACE 
                is invoked.

MONITOR TIME    is a profile of monitor contention obtained by measuring
                the time spent by a thread waiting to enter a monitor.
                Entries in this record are TRACEs ranked by the percentage
                of total monitor contention time and a brief description
                of the monitor.  The "count" field indicates the number of 
                times the monitor was contended at that TRACE.

MONITOR DUMP    is a complete snapshot of all the monitors and threads in 
                the System.

HEAP DUMP, SITES, CPU SAMPLES|TIME and MONITOR DUMP|TIME records are generated 
at program exit.  They can also be obtained during program execution by typing 
Ctrl-\ (on Solaris) or by typing Ctrl-Break (on Win32).

--------

THREAD START (obj=50000146, id = 200001, name="main", group="main")
THREAD END (id = 200001)
THREAD END (id = 200002)
TRACE 300000:
	<empty>
TRACE 300001:
	java.lang.Thread.<init>(Thread.java:432)
TRACE 300002:
	java.lang.Thread.<init>(Thread.java:208)
TRACE 300003:
	java.lang.String.toCharArray(String.java:2726)
	java.lang.Thread.init(Thread.java:349)
	java.lang.Thread.<init>(Thread.java:433)
TRACE 300004:
	java.lang.AbstractStringBuilder.<init>(AbstractStringBuilder.java:44)
	java.lang.StringBuilder.<init>(StringBuilder.java:68)
	sun.jkernel.DownloadManager.getBootClassPathEntryForClass(DownloadManager.java:891)
	sun.misc.Launcher$AppClassLoader.loadClass(Launcher.java:293)
TRACE 300005:
	java.lang.AbstractStringBuilder.<init>(AbstractStringBuilder.java:45)
	java.lang.StringBuilder.<init>(StringBuilder.java:68)
	sun.jkernel.DownloadManager.getBootClassPathEntryForClass(DownloadManager.java:891)
	sun.misc.Launcher$AppClassLoader.loadClass(Launcher.java:293)
TRACE 300006:
	java.lang.String.replace(String.java:2049)
	sun.jkernel.DownloadManager.getBootClassPathEntryForClass(DownloadManager.java:891)
	sun.misc.Launcher$AppClassLoader.loadClass(Launcher.java:293)
	java.lang.ClassLoader.loadClass(ClassLoader.java:252)
TRACE 300007:
	java.lang.String.<init>(String.java:637)
	java.lang.String.replace(String.java:2058)
	sun.jkernel.DownloadManager.getBootClassPathEntryForClass(DownloadManager.java:891)
	sun.misc.Launcher$AppClassLoader.loadClass(Launcher.java:293)
TRACE 300008:
	java.util.Arrays.copyOf(Arrays.java:2882)
	java.lang.AbstractStringBuilder.expandCapacity(AbstractStringBuilder.java:100)
	java.lang.AbstractStringBuilder.append(AbstractStringBuilder.java:390)
	java.lang.StringBuilder.append(StringBuilder.java:119)
TRACE 300009:
	java.lang.String.<init>(String.java:203)
	java.lang.StringBuilder.toString(StringBuilder.java:430)
	sun.jkernel.DownloadManager.getBootClassPathEntryForClass(DownloadManager.java:891)
	sun.misc.Launcher$AppClassLoader.loadClass(Launcher.java:293)
TRACE 300010:
	java.util.Arrays.copyOfRange(Arrays.java:3209)
	java.lang.String.<init>(String.java:216)
	java.lang.StringBuilder.toString(StringBuilder.java:430)
	sun.jkernel.DownloadManager.getBootClassPathEntryForClass(DownloadManager.java:891)
TRACE 300011:
	java.lang.String.<init>(String.java:440)
	java.lang.String.<init>(String.java:516)
TRACE 300012:
	java.lang.StringCoding$StringDecoder.decode(StringCoding.java:133)
	java.lang.StringCoding.decode(StringCoding.java:173)
	java.lang.String.<init>(String.java:444)
	java.lang.String.<init>(String.java:516)
TRACE 300013:
	java.nio.Buffer.<init>(Buffer.java:172)
	java.nio.ByteBuffer.<init>(ByteBuffer.java:259)
	java.nio.HeapByteBuffer.<init>(HeapByteBuffer.java:52)
	java.nio.ByteBuffer.wrap(ByteBuffer.java:350)
TRACE 300014:
	java.nio.Buffer.<init>(Buffer.java:172)
	java.nio.CharBuffer.<init>(CharBuffer.java:259)
	java.nio.HeapCharBuffer.<init>(HeapCharBuffer.java:52)
	java.nio.CharBuffer.wrap(CharBuffer.java:350)
TRACE 300015:
	java.lang.Throwable.<init>(Throwable.java:217)
	java.lang.Exception.<init>(Exception.java:59)
	java.lang.ClassNotFoundException.<init>(ClassNotFoundException.java:65)
	java.lang.ClassLoader.findBootstrapClass(ClassLoader.java:Unknown line)
TRACE 300016:
	java.lang.AbstractStringBuilder.<init>(AbstractStringBuilder.java:44)
	java.lang.StringBuilder.<init>(StringBuilder.java:68)
	sun.jkernel.DownloadManager.getBootClassPathEntryForClass(DownloadManager.java:891)
	sun.misc.Launcher$ExtClassLoader.findClass(Launcher.java:228)
TRACE 300017:
	java.lang.AbstractStringBuilder.<init>(AbstractStringBuilder.java:45)
	java.lang.StringBuilder.<init>(StringBuilder.java:68)
	sun.jkernel.DownloadManager.getBootClassPathEntryForClass(DownloadManager.java:891)
	sun.misc.Launcher$ExtClassLoader.findClass(Launcher.java:228)
TRACE 300018:
	java.lang.String.<init>(String.java:203)
	java.lang.StringBuilder.toString(StringBuilder.java:430)
	sun.jkernel.DownloadManager.getBootClassPathEntryForClass(DownloadManager.java:891)
	sun.misc.Launcher$ExtClassLoader.findClass(Launcher.java:228)
TRACE 300019:
	java.net.URLClassLoader.findClass(URLClassLoader.java:188)
	sun.misc.Launcher$ExtClassLoader.findClass(Launcher.java:229)
	java.lang.ClassLoader.loadClass(ClassLoader.java:307)
	java.lang.ClassLoader.loadClass(ClassLoader.java:300)
TRACE 300020:
	java.net.URLClassLoader$1.<init>(URLClassLoader.java:189)
	java.net.URLClassLoader.findClass(URLClassLoader.java:188)
	sun.misc.Launcher$ExtClassLoader.findClass(Launcher.java:229)
	java.lang.ClassLoader.loadClass(ClassLoader.java:307)
TRACE 300021:
	java.lang.String.concat(String.java:2001)
	java.net.URLClassLoader$1.run(URLClassLoader.java:191)
	java.security.AccessController.doPrivileged(AccessController.java:Unknown line)
	java.net.URLClassLoader.findClass(URLClassLoader.java:188)
TRACE 300022:
	java.lang.String.<init>(String.java:637)
	java.lang.String.concat(String.java:2004)
	java.net.URLClassLoader$1.run(URLClassLoader.java:191)
	java.security.AccessController.doPrivileged(AccessController.java:Unknown line)
TRACE 300023:
	sun.misc.URLClassPath.getLoader(URLClassPath.java:320)
	sun.misc.URLClassPath.getLoader(URLClassPath.java:297)
	sun.misc.URLClassPath.getResource(URLClassPath.java:167)
	java.net.URLClassLoader$1.run(URLClassLoader.java:192)
TRACE 300024:
	sun.misc.URLClassPath$3.<init>(URLClassPath.java:321)
	sun.misc.URLClassPath.getLoader(URLClassPath.java:320)
	sun.misc.URLClassPath.getLoader(URLClassPath.java:297)
	sun.misc.URLClassPath.getResource(URLClassPath.java:167)
TRACE 300025:
	sun.misc.URLClassPath$3.run(URLClassPath.java:331)
	java.security.AccessController.doPrivileged(AccessController.java:Unknown line)
	sun.misc.URLClassPath.getLoader(URLClassPath.java:320)
	sun.misc.URLClassPath.getLoader(URLClassPath.java:297)
TRACE 300026:
	java.lang.AbstractStringBuilder.<init>(AbstractStringBuilder.java:44)
	java.lang.StringBuilder.<init>(StringBuilder.java:68)
	sun.misc.URLClassPath$JarLoader.<init>(URLClassPath.java:553)
	sun.misc.URLClassPath$3.run(URLClassPath.java:331)
TRACE 300027:
	java.lang.AbstractStringBuilder.<init>(AbstractStringBuilder.java:45)
	java.lang.StringBuilder.<init>(StringBuilder.java:68)
	sun.misc.URLClassPath$JarLoader.<init>(URLClassPath.java:553)
	sun.misc.URLClassPath$3.run(URLClassPath.java:331)
TRACE 300028:
	java.lang.StringBuffer.<clinit>(StringBuffer.java:599)
	java.net.URLStreamHandler.toExternalForm(URLStreamHandler.java:473)
	java.net.URL.toExternalForm(URL.java:901)
	java.net.URL.toString(URL.java:887)
TRACE 300029:
	java.io.ObjectStreamField.<init>(ObjectStreamField.java:67)
	java.io.ObjectStreamField.<init>(ObjectStreamField.java:47)
	java.lang.StringBuffer.<clinit>(StringBuffer.java:599)
	java.net.URLStreamHandler.toExternalForm(URLStreamHandler.java:473)
TRACE 300030:
	java.lang.AbstractStringBuilder.<init>(AbstractStringBuilder.java:44)
	java.lang.StringBuilder.<init>(StringBuilder.java:68)
	java.io.ObjectStreamClass.getClassSignature(ObjectStreamClass.java:1429)
	java.io.ObjectStreamField.<init>(ObjectStreamField.java:74)
TRACE 300031:
	java.lang.AbstractStringBuilder.<init>(AbstractStringBuilder.java:45)
	java.lang.StringBuilder.<init>(StringBuilder.java:68)
	java.io.ObjectStreamClass.getClassSignature(ObjectStreamClass.java:1429)
	java.io.ObjectStreamField.<init>(ObjectStreamField.java:74)
TRACE 300032:
	java.lang.String.<init>(String.java:203)
	java.lang.StringBuilder.toString(StringBuilder.java:430)
	java.io.ObjectStreamClass.getClassSignature(ObjectStreamClass.java:1459)
	java.io.ObjectStreamField.<init>(ObjectStreamField.java:74)
TRACE 300033:
	java.util.Arrays.copyOfRange(Arrays.java:3209)
	java.lang.String.<init>(String.java:216)
	java.lang.StringBuilder.toString(StringBuilder.java:430)
	java.io.ObjectStreamClass.getClassSignature(ObjectStreamClass.java:1459)
TRACE 300034:
	java.io.ObjectStreamField.<init>(ObjectStreamField.java:67)
	java.io.ObjectStreamField.<init>(ObjectStreamField.java:47)
	java.lang.StringBuffer.<clinit>(StringBuffer.java:599)
	java.net.URLStreamHandler.toExternalForm(URLStreamHandler.java:473)
TRACE 300035:
	java.io.ObjectStreamField.<init>(ObjectStreamField.java:67)
	java.io.ObjectStreamField.<init>(ObjectStreamField.java:47)
	java.lang.StringBuffer.<clinit>(StringBuffer.java:599)
	java.net.URLStreamHandler.toExternalForm(URLStreamHandler.java:473)
TRACE 300036:
	java.lang.AbstractStringBuilder.<init>(AbstractStringBuilder.java:44)
	java.lang.StringBuffer.<init>(StringBuffer.java:91)
	java.net.URLStreamHandler.toExternalForm(URLStreamHandler.java:473)
	java.net.URL.toExternalForm(URL.java:901)
TRACE 300037:
	java.lang.AbstractStringBuilder.<init>(AbstractStringBuilder.java:45)
	java.lang.StringBuffer.<init>(StringBuffer.java:91)
	java.net.URLStreamHandler.toExternalForm(URLStreamHandler.java:473)
	java.net.URL.toExternalForm(URL.java:901)
TRACE 300038:
	java.lang.String.<init>(String.java:203)
	java.lang.StringBuffer.toString(StringBuffer.java:585)
	java.net.URLStreamHandler.toExternalForm(URLStreamHandler.java:491)
	java.net.URL.toExternalForm(URL.java:901)
TRACE 300039:
	java.util.Arrays.copyOfRange(Arrays.java:3209)
	java.lang.String.<init>(String.java:216)
	java.lang.StringBuffer.toString(StringBuffer.java:585)
	java.net.URLStreamHandler.toExternalForm(URLStreamHandler.java:491)
TRACE 300040:
	java.lang.String.<init>(String.java:203)
	java.lang.StringBuilder.toString(StringBuilder.java:430)
	sun.misc.URLClassPath$JarLoader.<init>(URLClassPath.java:553)
	sun.misc.URLClassPath$3.run(URLClassPath.java:331)
TRACE 300041:
	java.util.Arrays.copyOfRange(Arrays.java:3209)
	java.lang.String.<init>(String.java:216)
	java.lang.StringBuilder.toString(StringBuilder.java:430)
	sun.misc.URLClassPath$JarLoader.<init>(URLClassPath.java:553)
TRACE 300042:
	java.net.URL.<init>(URL.java:349)
	sun.misc.URLClassPath$JarLoader.<init>(URLClassPath.java:553)
	sun.misc.URLClassPath$3.run(URLClassPath.java:331)
	java.security.AccessController.doPrivileged(AccessController.java:Unknown line)
TRACE 300043:
	java.net.Parts.<init>(URL.java:1260)
	java.net.URL.<init>(URL.java:380)
	sun.misc.URLClassPath$JarLoader.<init>(URLClassPath.java:553)
	sun.misc.URLClassPath$3.run(URLClassPath.java:331)
TRACE 300044:
	sun.misc.URLClassPath$Loader.<init>(URLClassPath.java:442)
	sun.misc.URLClassPath$JarLoader.<init>(URLClassPath.java:553)
	sun.misc.URLClassPath$3.run(URLClassPath.java:331)
	java.security.AccessController.doPrivileged(AccessController.java:Unknown line)
TRACE 300045:
	java.lang.AbstractStringBuilder.<init>(AbstractStringBuilder.java:44)
	java.lang.StringBuilder.<init>(StringBuilder.java:68)
	sun.net.www.ParseUtil.decode(ParseUtil.java:152)
	sun.misc.URLClassPath$JarLoader.<init>(URLClassPath.java:563)
TRACE 300046:
	java.lang.AbstractStringBuilder.<init>(AbstractStringBuilder.java:45)
	java.lang.StringBuilder.<init>(StringBuilder.java:68)
	sun.net.www.ParseUtil.decode(ParseUtil.java:152)
	sun.misc.URLClassPath$JarLoader.<init>(URLClassPath.java:563)
TRACE 300047:
	java.util.Arrays.copyOf(Arrays.java:2882)
	java.lang.AbstractStringBuilder.expandCapacity(AbstractStringBuilder.java:100)
	java.lang.AbstractStringBuilder.append(AbstractStringBuilder.java:572)
	java.lang.StringBuilder.append(StringBuilder.java:203)
TRACE 300048:
	java.lang.String.<init>(String.java:203)
	java.lang.StringBuilder.toString(StringBuilder.java:430)
	sun.net.www.ParseUtil.decode(ParseUtil.java:196)
	sun.misc.URLClassPath$JarLoader.<init>(URLClassPath.java:563)
TRACE 300049:
	java.util.Arrays.copyOfRange(Arrays.java:3209)
	java.lang.String.<init>(String.java:216)
	java.lang.StringBuilder.toString(StringBuilder.java:430)
	sun.net.www.ParseUtil.decode(ParseUtil.java:196)
TRACE 300050:
	java.io.File.<init>(File.java:220)
	sun.misc.URLClassPath$JarLoader.<init>(URLClassPath.java:564)
	sun.misc.URLClassPath$3.run(URLClassPath.java:331)
	java.security.AccessController.doPrivileged(AccessController.java:Unknown line)
TRACE 300051:
	java.lang.StringCoding$StringEncoder.encode(StringCoding.java:232)
	java.lang.StringCoding.encode(StringCoding.java:272)
	java.lang.String.getBytes(String.java:947)
	java.io.UnixFileSystem.getBooleanAttributes0(UnixFileSystem.java:Unknown line)
TRACE 300052:
	java.util.Arrays.copyOf(Arrays.java:2786)
	java.lang.StringCoding.safeTrim(StringCoding.java:64)
	java.lang.StringCoding.access$300(StringCoding.java:34)
	java.lang.StringCoding$StringEncoder.encode(StringCoding.java:251)
TRACE 300053:
	java.lang.String.<init>(String.java:637)
	java.lang.String.substring(String.java:1940)
	java.lang.String.substring(String.java:1905)
	java.io.File.getName(File.java:401)
TRACE 300054:
	java.util.HashMap$Entry.<init>(HashMap.java:683)
	java.util.HashMap.addEntry(HashMap.java:753)
	java.util.HashMap.put(HashMap.java:385)
	sun.misc.URLClassPath.getLoader(URLClassPath.java:310)
TRACE 300055:
	java.lang.Throwable.<init>(Throwable.java:217)
	java.lang.Exception.<init>(Exception.java:59)
	java.lang.ClassNotFoundException.<init>(ClassNotFoundException.java:65)
	java.net.URLClassLoader$1.run(URLClassLoader.java:200)
TRACE 300056:
	java.security.AccessController.doPrivileged(AccessController.java:Unknown line)
	java.net.URLClassLoader.findClass(URLClassLoader.java:188)
	sun.misc.Launcher$ExtClassLoader.findClass(Launcher.java:229)
	java.lang.ClassLoader.loadClass(ClassLoader.java:307)
TRACE 300057:
	java.lang.Throwable.<init>(Throwable.java:240)
	java.lang.Exception.<init>(Exception.java:77)
	java.security.PrivilegedActionException.<init>(PrivilegedActionException.java:48)
	java.security.AccessController.doPrivileged(AccessController.java:Unknown line)
TRACE 300058:
	java.net.URLClassLoader$1.<init>(URLClassLoader.java:189)
	java.net.URLClassLoader.findClass(URLClassLoader.java:188)
	java.lang.ClassLoader.loadClass(ClassLoader.java:307)
	sun.misc.Launcher$AppClassLoader.loadClass(Launcher.java:301)
TRACE 300059:
	sun.misc.URLClassPath$3.run(URLClassPath.java:326)
	java.security.AccessController.doPrivileged(AccessController.java:Unknown line)
	sun.misc.URLClassPath.getLoader(URLClassPath.java:320)
	sun.misc.URLClassPath.getLoader(URLClassPath.java:297)
TRACE 300060:
	sun.misc.URLClassPath$Loader.<init>(URLClassPath.java:442)
	sun.misc.URLClassPath$FileLoader.<init>(URLClassPath.java:949)
	sun.misc.URLClassPath$3.run(URLClassPath.java:326)
	java.security.AccessController.doPrivileged(AccessController.java:Unknown line)
TRACE 300061:
	java.lang.AbstractStringBuilder.<init>(AbstractStringBuilder.java:44)
	java.lang.StringBuilder.<init>(StringBuilder.java:68)
	sun.net.www.ParseUtil.decode(ParseUtil.java:152)
	sun.misc.URLClassPath$FileLoader.<init>(URLClassPath.java:954)
TRACE 300062:
	java.lang.AbstractStringBuilder.<init>(AbstractStringBuilder.java:45)
	java.lang.StringBuilder.<init>(StringBuilder.java:68)
	sun.net.www.ParseUtil.decode(ParseUtil.java:152)
	sun.misc.URLClassPath$FileLoader.<init>(URLClassPath.java:954)
TRACE 300063:
	java.lang.String.<init>(String.java:203)
	java.lang.StringBuilder.toString(StringBuilder.java:430)
	sun.net.www.ParseUtil.decode(ParseUtil.java:196)
	sun.misc.URLClassPath$FileLoader.<init>(URLClassPath.java:954)
TRACE 300064:
	java.io.File.<init>(File.java:220)
	sun.misc.URLClassPath$FileLoader.<init>(URLClassPath.java:955)
	sun.misc.URLClassPath$3.run(URLClassPath.java:326)
	java.security.AccessController.doPrivileged(AccessController.java:Unknown line)
TRACE 300065:
	java.lang.AbstractStringBuilder.<init>(AbstractStringBuilder.java:44)
	java.lang.StringBuffer.<init>(StringBuffer.java:91)
	java.io.UnixFileSystem.normalize(UnixFileSystem.java:53)
	java.io.UnixFileSystem.normalize(UnixFileSystem.java:77)
TRACE 300066:
	java.lang.AbstractStringBuilder.<init>(AbstractStringBuilder.java:45)
	java.lang.StringBuffer.<init>(StringBuffer.java:91)
	java.io.UnixFileSystem.normalize(UnixFileSystem.java:53)
	java.io.UnixFileSystem.normalize(UnixFileSystem.java:77)
TRACE 300067:
	java.lang.String.<init>(String.java:637)
	java.lang.String.substring(String.java:1940)
	java.io.UnixFileSystem.normalize(UnixFileSystem.java:54)
	java.io.UnixFileSystem.normalize(UnixFileSystem.java:77)
TRACE 300068:
	java.lang.String.<init>(String.java:203)
	java.lang.StringBuffer.toString(StringBuffer.java:585)
	java.io.UnixFileSystem.normalize(UnixFileSystem.java:62)
	java.io.UnixFileSystem.normalize(UnixFileSystem.java:77)
TRACE 300069:
	java.util.Arrays.copyOfRange(Arrays.java:3209)
	java.lang.String.<init>(String.java:216)
	java.lang.StringBuffer.toString(StringBuffer.java:585)
	java.io.UnixFileSystem.normalize(UnixFileSystem.java:62)
TRACE 300070:
	java.lang.String.<init>(String.java:637)
	java.lang.String.substring(String.java:1940)
	java.io.UnixFileSystem.parentOrNull(UnixFileSystem.java:213)
	java.io.UnixFileSystem.canonicalize(UnixFileSystem.java:145)
TRACE 300071:
	java.lang.StringCoding$StringEncoder.encode(StringCoding.java:232)
	java.lang.StringCoding.encode(StringCoding.java:272)
	java.lang.String.getBytes(String.java:947)
	java.io.UnixFileSystem.canonicalize0(UnixFileSystem.java:Unknown line)
TRACE 300072:
	java.lang.String.<init>(String.java:440)
	java.lang.String.<init>(String.java:516)
	java.io.UnixFileSystem.canonicalize0(UnixFileSystem.java:Unknown line)
	java.io.UnixFileSystem.canonicalize(UnixFileSystem.java:157)
TRACE 300073:
	java.io.ExpiringCache$Entry.<init>(ExpiringCache.java:29)
	java.io.ExpiringCache.put(ExpiringCache.java:74)
	java.io.UnixFileSystem.canonicalize(UnixFileSystem.java:158)
	java.io.File.getCanonicalPath(File.java:559)
TRACE 300074:
	java.util.HashMap$Entry.<init>(HashMap.java:683)
	java.util.LinkedHashMap$Entry.<init>(LinkedHashMap.java:304)
	java.util.LinkedHashMap.createEntry(LinkedHashMap.java:424)
	java.util.LinkedHashMap.addEntry(LinkedHashMap.java:406)
TRACE 300075:
	java.io.File.<init>(File.java:194)
	java.io.File.getCanonicalFile(File.java:584)
	sun.misc.URLClassPath$FileLoader.<init>(URLClassPath.java:955)
	sun.misc.URLClassPath$3.run(URLClassPath.java:326)
TRACE 300076:
	java.net.URL.<init>(URL.java:489)
	java.net.URL.<init>(URL.java:464)
	sun.misc.URLClassPath$FileLoader.getResource(URLClassPath.java:972)
	sun.misc.URLClassPath.getResource(URLClassPath.java:168)
TRACE 300077:
	java.lang.AbstractStringBuilder.<init>(AbstractStringBuilder.java:44)
	java.lang.StringBuilder.<init>(StringBuilder.java:68)
	java.net.URLStreamHandler.parseURL(URLStreamHandler.java:232)
	sun.net.www.protocol.file.Handler.parseURL(Handler.java:50)
TRACE 300078:
	java.lang.AbstractStringBuilder.<init>(AbstractStringBuilder.java:45)
	java.lang.StringBuilder.<init>(StringBuilder.java:68)
	java.net.URLStreamHandler.parseURL(URLStreamHandler.java:232)
	sun.net.www.protocol.file.Handler.parseURL(Handler.java:50)
TRACE 300079:
	java.lang.String.<init>(String.java:203)
	java.lang.StringBuilder.toString(StringBuilder.java:430)
	java.net.URLStreamHandler.parseURL(URLStreamHandler.java:232)
	sun.net.www.protocol.file.Handler.parseURL(Handler.java:50)
TRACE 300080:
	java.util.Arrays.copyOfRange(Arrays.java:3209)
	java.lang.String.<init>(String.java:216)
	java.lang.StringBuilder.toString(StringBuilder.java:430)
	java.net.URLStreamHandler.parseURL(URLStreamHandler.java:232)
TRACE 300081:
	java.lang.String.<init>(String.java:637)
	java.lang.String.substring(String.java:1940)
	java.net.URLStreamHandler.parseURL(URLStreamHandler.java:285)
	sun.net.www.protocol.file.Handler.parseURL(Handler.java:50)
TRACE 300082:
	sun.net.www.ParseUtil.encodePath(ParseUtil.java:84)
	sun.misc.URLClassPath$FileLoader.getResource(URLClassPath.java:973)
	sun.misc.URLClassPath.getResource(URLClassPath.java:168)
	java.net.URLClassLoader$1.run(URLClassLoader.java:192)
TRACE 300083:
	java.lang.String.toCharArray(String.java:2726)
	sun.net.www.ParseUtil.encodePath(ParseUtil.java:86)
	sun.misc.URLClassPath$FileLoader.getResource(URLClassPath.java:973)
	sun.misc.URLClassPath.getResource(URLClassPath.java:168)
TRACE 300084:
	java.lang.String.<init>(String.java:203)
	sun.net.www.ParseUtil.encodePath(ParseUtil.java:125)
	sun.misc.URLClassPath$FileLoader.getResource(URLClassPath.java:973)
	sun.misc.URLClassPath.getResource(URLClassPath.java:168)
TRACE 300085:
	java.util.Arrays.copyOfRange(Arrays.java:3209)
	java.lang.String.<init>(String.java:216)
	sun.net.www.ParseUtil.encodePath(ParseUtil.java:125)
	sun.misc.URLClassPath$FileLoader.getResource(URLClassPath.java:973)
TRACE 300086:
	java.net.URL.<init>(URL.java:489)
	java.net.URL.<init>(URL.java:464)
	sun.misc.URLClassPath$FileLoader.getResource(URLClassPath.java:973)
	sun.misc.URLClassPath.getResource(URLClassPath.java:168)
TRACE 300087:
	java.lang.String.<init>(String.java:637)
	java.lang.String.substring(String.java:1940)
	java.net.URL.<init>(URL.java:528)
	java.net.URL.<init>(URL.java:464)
TRACE 300088:
	java.io.File.<init>(File.java:303)
	sun.misc.URLClassPath$FileLoader.getResource(URLClassPath.java:992)
	sun.misc.URLClassPath.getResource(URLClassPath.java:168)
	java.net.URLClassLoader$1.run(URLClassLoader.java:192)
TRACE 300089:
	java.lang.AbstractStringBuilder.<init>(AbstractStringBuilder.java:44)
	java.lang.StringBuilder.<init>(StringBuilder.java:68)
	java.io.UnixFileSystem.resolve(UnixFileSystem.java:93)
	java.io.File.<init>(File.java:312)
TRACE 300090:
	java.lang.AbstractStringBuilder.<init>(AbstractStringBuilder.java:45)
	java.lang.StringBuilder.<init>(StringBuilder.java:68)
	java.io.UnixFileSystem.resolve(UnixFileSystem.java:93)
	java.io.File.<init>(File.java:312)
TRACE 300091:
	java.lang.String.<init>(String.java:203)
	java.lang.StringBuilder.toString(StringBuilder.java:430)
	java.io.UnixFileSystem.resolve(UnixFileSystem.java:93)
	java.io.File.<init>(File.java:312)
TRACE 300092:
	java.util.Arrays.copyOfRange(Arrays.java:3209)
	java.lang.String.<init>(String.java:216)
	java.lang.StringBuilder.toString(StringBuilder.java:430)
	java.io.UnixFileSystem.resolve(UnixFileSystem.java:93)
TRACE 300093:
	java.lang.Throwable.<init>(Throwable.java:195)
	java.lang.Error.<init>(Error.java:49)
	java.lang.LinkageError.<init>(LinkageError.java:36)
	java.lang.NoClassDefFoundError.<init>(NoClassDefFoundError.java:40)
TRACE 300094:
	java.lang.AbstractStringBuilder.<init>(AbstractStringBuilder.java:44)
	java.lang.StringBuilder.<init>(StringBuilder.java:68)
	java.lang.Throwable.toString(Throwable.java:344)
	java.lang.String.valueOf(String.java:2827)
TRACE 300095:
	java.lang.AbstractStringBuilder.<init>(AbstractStringBuilder.java:45)
	java.lang.StringBuilder.<init>(StringBuilder.java:68)
	java.lang.Throwable.toString(Throwable.java:344)
	java.lang.String.valueOf(String.java:2827)
TRACE 300096:
	java.lang.String.<init>(String.java:203)
	java.lang.StringBuilder.toString(StringBuilder.java:430)
	java.lang.Throwable.toString(Throwable.java:344)
	java.lang.String.valueOf(String.java:2827)
TRACE 300097:
	java.util.Arrays.copyOfRange(Arrays.java:3209)
	java.lang.String.<init>(String.java:216)
	java.lang.StringBuilder.toString(StringBuilder.java:430)
	java.lang.Throwable.toString(Throwable.java:344)
TRACE 300098:
	java.lang.Throwable.getOurStackTrace(Throwable.java:589)
	java.lang.Throwable.printStackTrace(Throwable.java:462)
	java.lang.Throwable.printStackTrace(Throwable.java:451)
TRACE 300099:
	java.lang.Throwable.getOurStackTrace(Throwable.java:589)
	java.lang.Throwable.printStackTraceAsCause(Throwable.java:481)
	java.lang.Throwable.printStackTrace(Throwable.java:468)
	java.lang.Throwable.printStackTrace(Throwable.java:451)
TRACE 300100:
	java.lang.AbstractStringBuilder.<init>(AbstractStringBuilder.java:44)
	java.lang.StringBuilder.<init>(StringBuilder.java:68)
	java.lang.Throwable.printStackTraceAsCause(Throwable.java:488)
	java.lang.Throwable.printStackTrace(Throwable.java:468)
TRACE 300101:
	java.lang.AbstractStringBuilder.<init>(AbstractStringBuilder.java:45)
	java.lang.StringBuilder.<init>(StringBuilder.java:68)
	java.lang.Throwable.printStackTraceAsCause(Throwable.java:488)
	java.lang.Throwable.printStackTrace(Throwable.java:468)
TRACE 300102:
	java.lang.String.<init>(String.java:203)
	java.lang.StringBuilder.toString(StringBuilder.java:430)
	java.lang.Throwable.printStackTraceAsCause(Throwable.java:488)
	java.lang.Throwable.printStackTrace(Throwable.java:468)
TRACE 300103:
	java.util.Arrays.copyOfRange(Arrays.java:3209)
	java.lang.String.<init>(String.java:216)
	java.lang.StringBuilder.toString(StringBuilder.java:430)
	java.lang.Throwable.printStackTraceAsCause(Throwable.java:488)
TRACE 300104:
	java.lang.AbstractStringBuilder.<init>(AbstractStringBuilder.java:44)
	java.lang.StringBuilder.<init>(StringBuilder.java:68)
	java.lang.Throwable.printStackTraceAsCause(Throwable.java:490)
	java.lang.Throwable.printStackTrace(Throwable.java:468)
TRACE 300105:
	java.lang.AbstractStringBuilder.<init>(AbstractStringBuilder.java:45)
	java.lang.StringBuilder.<init>(StringBuilder.java:68)
	java.lang.Throwable.printStackTraceAsCause(Throwable.java:490)
	java.lang.Throwable.printStackTrace(Throwable.java:468)
TRACE 300106:
	java.lang.AbstractStringBuilder.<init>(AbstractStringBuilder.java:44)
	java.lang.StringBuilder.<init>(StringBuilder.java:68)
	java.lang.StackTraceElement.toString(StackTraceElement.java:157)
	java.lang.String.valueOf(String.java:2827)
TRACE 300107:
	java.lang.AbstractStringBuilder.<init>(AbstractStringBuilder.java:45)
	java.lang.StringBuilder.<init>(StringBuilder.java:68)
	java.lang.StackTraceElement.toString(StackTraceElement.java:157)
	java.lang.String.valueOf(String.java:2827)
TRACE 300108:
	java.lang.AbstractStringBuilder.<init>(AbstractStringBuilder.java:44)
	java.lang.StringBuilder.<init>(StringBuilder.java:68)
	java.lang.StackTraceElement.toString(StackTraceElement.java:157)
	java.lang.String.valueOf(String.java:2827)
TRACE 300109:
	java.lang.AbstractStringBuilder.<init>(AbstractStringBuilder.java:45)
	java.lang.StringBuilder.<init>(StringBuilder.java:68)
	java.lang.StackTraceElement.toString(StackTraceElement.java:157)
	java.lang.String.valueOf(String.java:2827)
TRACE 300110:
	java.lang.String.<init>(String.java:203)
	java.lang.StringBuilder.toString(StringBuilder.java:430)
	java.lang.StackTraceElement.toString(StackTraceElement.java:157)
	java.lang.String.valueOf(String.java:2827)
TRACE 300111:
	java.util.Arrays.copyOfRange(Arrays.java:3209)
	java.lang.String.<init>(String.java:216)
	java.lang.StringBuilder.toString(StringBuilder.java:430)
	java.lang.StackTraceElement.toString(StackTraceElement.java:157)
TRACE 300112:
	java.lang.String.<init>(String.java:203)
	java.lang.StringBuilder.toString(StringBuilder.java:430)
	java.lang.StackTraceElement.toString(StackTraceElement.java:157)
	java.lang.String.valueOf(String.java:2827)
TRACE 300113:
	java.util.Arrays.copyOfRange(Arrays.java:3209)
	java.lang.String.<init>(String.java:216)
	java.lang.StringBuilder.toString(StringBuilder.java:430)
	java.lang.StackTraceElement.toString(StackTraceElement.java:157)
TRACE 300114:
	java.lang.String.<init>(String.java:203)
	java.lang.StringBuilder.toString(StringBuilder.java:430)
	java.lang.Throwable.printStackTraceAsCause(Throwable.java:490)
	java.lang.Throwable.printStackTrace(Throwable.java:468)
TRACE 300115:
	java.util.Arrays.copyOfRange(Arrays.java:3209)
	java.lang.String.<init>(String.java:216)
	java.lang.StringBuilder.toString(StringBuilder.java:430)
	java.lang.Throwable.printStackTraceAsCause(Throwable.java:490)
TRACE 300116:
	java.util.Arrays.copyOf(Arrays.java:2882)
	java.lang.AbstractStringBuilder.expandCapacity(AbstractStringBuilder.java:100)
	java.lang.AbstractStringBuilder.append(AbstractStringBuilder.java:597)
	java.lang.StringBuilder.append(StringBuilder.java:212)
TRACE 300117:
	java.util.AbstractList.iterator(AbstractList.java:273)
	java.lang.Shutdown.runHooks(Shutdown.java:87)
	java.lang.Shutdown.sequence(Shutdown.java:133)
	java.lang.Shutdown.shutdown(Shutdown.java:200)
TRACE 300118:
	java.util.AbstractList$Itr.<init>(AbstractList.java:318)
	java.util.AbstractList$Itr.<init>(AbstractList.java:318)
	java.util.AbstractList.iterator(AbstractList.java:273)
	java.lang.Shutdown.runHooks(Shutdown.java:87)
TRACE 300119:
	java.util.IdentityHashMap.keySet(IdentityHashMap.java:935)
	java.lang.ApplicationShutdownHooks.run(ApplicationShutdownHooks.java:70)
	java.lang.Shutdown.runHooks(Shutdown.java:89)
	java.lang.Shutdown.sequence(Shutdown.java:133)
TRACE 300120:
	java.util.AbstractCollection.<init>(AbstractCollection.java:49)
	java.util.AbstractSet.<init>(AbstractSet.java:46)
	java.util.IdentityHashMap$KeySet.<init>(IdentityHashMap.java:938)
	java.util.IdentityHashMap$KeySet.<init>(IdentityHashMap.java:938)
TRACE 300121:
	java.util.IdentityHashMap$KeySet.iterator(IdentityHashMap.java:940)
	java.lang.ApplicationShutdownHooks.run(ApplicationShutdownHooks.java:74)
	java.lang.Shutdown.runHooks(Shutdown.java:89)
	java.lang.Shutdown.sequence(Shutdown.java:133)
TRACE 300122:
	java.util.IdentityHashMap$IdentityHashMapIterator.<init>(IdentityHashMap.java:693)
	java.util.IdentityHashMap$IdentityHashMapIterator.<init>(IdentityHashMap.java:693)
	java.util.IdentityHashMap$KeyIterator.<init>(IdentityHashMap.java:802)
	java.util.IdentityHashMap$KeyIterator.<init>(IdentityHashMap.java:802)
TRACE 300123:
	java.io.File$1.run(File.java:1946)
	java.lang.Shutdown.runHooks(Shutdown.java:89)
	java.lang.Shutdown.sequence(Shutdown.java:133)
	java.lang.Shutdown.shutdown(Shutdown.java:200)
TRACE 300124:
	java.io.DeleteOnExitHook.<clinit>(DeleteOnExitHook.java:21)
	java.io.File$1.run(File.java:1946)
	java.lang.Shutdown.runHooks(Shutdown.java:89)
	java.lang.Shutdown.sequence(Shutdown.java:133)
TRACE 300125:
	java.util.AbstractCollection.<init>(AbstractCollection.java:49)
	java.util.AbstractSet.<init>(AbstractSet.java:46)
	java.util.HashSet.<init>(HashSet.java:141)
	java.util.LinkedHashSet.<init>(LinkedHashSet.java:137)
TRACE 300126:
	java.util.AbstractMap.<init>(AbstractMap.java:56)
	java.util.HashMap.<init>(HashMap.java:170)
	java.util.LinkedHashMap.<init>(LinkedHashMap.java:160)
	java.util.HashSet.<init>(HashSet.java:142)
TRACE 300127:
	java.util.HashMap.<init>(HashMap.java:187)
	java.util.LinkedHashMap.<init>(LinkedHashMap.java:160)
	java.util.HashSet.<init>(HashSet.java:142)
	java.util.LinkedHashSet.<init>(LinkedHashSet.java:137)
TRACE 300128:
	java.util.HashMap$Entry.<init>(HashMap.java:683)
	java.util.LinkedHashMap$Entry.<init>(LinkedHashMap.java:304)
	java.util.LinkedHashMap.init(LinkedHashMap.java:223)
	java.util.HashMap.<init>(HashMap.java:188)
TRACE 300129:
	java.io.DeleteOnExitHook.<init>(DeleteOnExitHook.java:30)
	java.io.DeleteOnExitHook.hook(DeleteOnExitHook.java:25)
	java.io.File$1.run(File.java:1946)
	java.lang.Shutdown.runHooks(Shutdown.java:89)
TRACE 300130:
	java.util.AbstractCollection.<init>(AbstractCollection.java:49)
	java.util.AbstractList.<init>(AbstractList.java:59)
	java.util.ArrayList.<init>(ArrayList.java:130)
	java.io.DeleteOnExitHook.run(DeleteOnExitHook.java:49)
TRACE 300131:
	java.util.AbstractCollection.toArray(AbstractCollection.java:119)
	java.util.ArrayList.<init>(ArrayList.java:131)
	java.io.DeleteOnExitHook.run(DeleteOnExitHook.java:49)
	java.io.File$1.run(File.java:1946)
TRACE 300132:
	java.util.HashMap.keySet(HashMap.java:869)
	java.util.HashSet.iterator(HashSet.java:153)
	java.util.AbstractCollection.toArray(AbstractCollection.java:120)
	java.util.ArrayList.<init>(ArrayList.java:131)
TRACE 300133:
	java.util.AbstractCollection.<init>(AbstractCollection.java:49)
	java.util.AbstractSet.<init>(AbstractSet.java:46)
	java.util.HashMap$KeySet.<init>(HashMap.java:872)
	java.util.HashMap$KeySet.<init>(HashMap.java:872)
TRACE 300134:
	java.util.LinkedHashMap.newKeyIterator(LinkedHashMap.java:396)
	java.util.HashMap$KeySet.iterator(HashMap.java:874)
	java.util.HashSet.iterator(HashSet.java:153)
	java.util.AbstractCollection.toArray(AbstractCollection.java:120)
TRACE 300135:
	java.util.LinkedHashMap$LinkedHashIterator.<init>(LinkedHashMap.java:345)
	java.util.LinkedHashMap$LinkedHashIterator.<init>(LinkedHashMap.java:345)
	java.util.LinkedHashMap$KeyIterator.<init>(LinkedHashMap.java:383)
	java.util.LinkedHashMap$KeyIterator.<init>(LinkedHashMap.java:383)
TRACE 300136:
	java.util.AbstractList$Itr.<init>(AbstractList.java:318)
	java.util.AbstractList$Itr.<init>(AbstractList.java:318)
	java.util.AbstractList.iterator(AbstractList.java:273)
	java.io.DeleteOnExitHook.run(DeleteOnExitHook.java:54)
SITES BEGIN (ordered by live bytes) Tue Feb 10 16:19:16 2009
          percent          live          alloc'ed  stack class
 rank   self  accum     bytes objs     bytes  objs trace name
    1  4.26%  4.26%      6064   46      6064    46 300008 char[]
    2  0.96%  5.22%      1368   11      1368    11 300047 char[]
    3  0.88%  6.10%      1248   26      1248    26 300014 java.nio.HeapCharBuffer
    4  0.87%  6.97%      1240    5      1240     5 300051 byte[]
    5  0.66%  7.64%       944    7       944     7 300115 char[]
    6  0.62%  8.26%       888    7       888     7 300113 char[]
    7  0.45%  8.71%       640    5       640     5 300049 char[]
    8  0.41%  9.12%       584    4       584     4 300041 char[]
    9  0.40%  9.53%       576    4       576     4 300037 char[]
   10  0.40%  9.93%       576    4       576     4 300039 char[]
   11  0.32% 10.25%       456    2       456     2 300000 java.lang.Thread
   12  0.30% 10.55%       432    6       432     6 300052 byte[]
   13  0.27% 10.82%       384    8       384     8 300013 java.nio.HeapByteBuffer
   14  0.25% 11.07%       352    1       352     1 300000 java.lang.Object
   15  0.25% 11.32%       352    1       352     1 300000 sun.misc.SharedSecrets
   16  0.25% 11.57%       352    1       352     1 300000 java.util.Collections$ReverseComparator
   17  0.25% 11.81%       352    1       352     1 300000 sun.misc.Launcher$ExtClassLoader
   18  0.25% 12.06%       352    1       352     1 300000 java.nio.HeapByteBuffer
   19  0.25% 12.31%       352    1       352     1 300000 sun.nio.cs.UTF_8$Decoder
   20  0.25% 12.56%       352    1       352     1 300000 java.lang.reflect.ReflectAccess
   21  0.25% 12.80%       352    1       352     1 300000 java.util.Map$Entry
   22  0.25% 13.05%       352    1       352     1 300000 java.util.Map$Entry[]
   23  0.25% 13.30%       352    1       352     1 300000 java.lang.Terminator
   24  0.25% 13.55%       352    1       352     1 300000 java.io.Console$1
   25  0.25% 13.79%       352    1       352     1 300000 sun.misc.OSEnvironment
   26  0.25% 14.04%       352    1       352     1 300000 java.lang.ref.Reference$ReferenceHandler
   27  0.25% 14.29%       352    1       352     1 300000 java.util.concurrent.locks.ReentrantLock
   28  0.25% 14.54%       352    1       352     1 300000 java.util.concurrent.locks.ReentrantLock[]
   29  0.25% 14.78%       352    1       352     1 300000 java.lang.NoClassDefFoundError
   30  0.25% 15.03%       352    1       352     1 300000 java.lang.Runnable
   31  0.25% 15.28%       352    1       352     1 300000 java.lang.Runnable[]
   32  0.25% 15.53%       352    1       352     1 300000 sun.reflect.UnsafeStaticFieldAccessorImpl
   33  0.25% 15.77%       352    1       352     1 300000 java.lang.ref.FinalReference
   34  0.25% 16.02%       352    1       352     1 300000 sun.misc.Version
   35  0.25% 16.27%       352    1       352     1 300000 java.net.URL
   36  0.25% 16.51%       352    1       352     1 300000 java.net.URL[]
   37  0.25% 16.76%       352    1       352     1 300000 sun.reflect.MethodAccessor
   38  0.25% 17.01%       352    1       352     1 300000 java.util.BitSet
   39  0.25% 17.26%       352    1       352     1 300000 java.util.AbstractMap
   40  0.25% 17.50%       352    1       352     1 300000 java.lang.String$CaseInsensitiveComparator
   41  0.25% 17.75%       352    1       352     1 300000 sun.nio.cs.StreamDecoder
   42  0.25% 18.00%       352    1       352     1 300000 sun.reflect.DelegatingConstructorAccessorImpl
   43  0.25% 18.25%       352    1       352     1 300000 sun.nio.cs.FastCharsetProvider
   44  0.25% 18.49%       352    1       352     1 300000 sun.misc.SignalHandler
   45  0.25% 18.74%       352    1       352     1 300000 sun.nio.cs.UTF_8
   46  0.25% 18.99%       352    1       352     1 300000 java.lang.CharSequence
   47  0.25% 19.24%       352    1       352     1 300000 java.lang.CharSequence[]
   48  0.25% 19.48%       352    1       352     1 300000 java.lang.LinkageError
   49  0.25% 19.73%       352    1       352     1 300000 java.security.PrivilegedAction
   50  0.25% 19.98%       352    1       352     1 300000 java.lang.ThreadLocal
   51  0.25% 20.23%       352    1       352     1 300000 java.net.URLStreamHandler
   52  0.25% 20.47%       352    1       352     1 300000 java.util.concurrent.ConcurrentHashMap
   53  0.25% 20.72%       352    1       352     1 300000 java.lang.System$2
   54  0.25% 20.97%       352    1       352     1 300000 sun.reflect.Reflection
   55  0.25% 21.22%       352    1       352     1 300000 sun.misc.Launcher$Factory
   56  0.25% 21.46%       352    1       352     1 300000 java.nio.charset.CharsetDecoder
   57  0.25% 21.71%       352    1       352     1 300000 java.util.Locale
   58  0.25% 21.96%       352    1       352     1 300000 java.io.InputStreamReader
   59  0.25% 22.21%       352    1       352     1 300000 java.util.Collections
   60  0.25% 22.45%       352    1       352     1 300000 java.lang.NoSuchMethodError
   61  0.25% 22.70%       352    1       352     1 300000 sun.reflect.UnsafeFieldAccessorImpl
   62  0.25% 22.95%       352    1       352     1 300000 java.io.FilterOutputStream
   63  0.25% 23.20%       352    1       352     1 300000 java.lang.Cloneable
   64  0.25% 23.44%       352    1       352     1 300000 java.io.PrintStream
   65  0.25% 23.69%       352    1       352     1 300000 java.lang.reflect.AnnotatedElement
   66  0.25% 23.94%       352    1       352     1 300000 java.lang.reflect.AnnotatedElement[]
   67  0.25% 24.18%       352    1       352     1 300000 java.util.IdentityHashMap
   68  0.25% 24.43%       352    1       352     1 300000 java.lang.ArithmeticException
   69  0.25% 24.68%       352    1       352     1 300000 java.lang.ref.Reference
   70  0.25% 24.93%       352    1       352     1 300000 java.lang.ref.Reference[]
   71  0.25% 25.17%       352    1       352     1 300000 java.io.OutputStreamWriter
   72  0.25% 25.42%       352    1       352     1 300000 java.util.List
   73  0.25% 25.67%       352    1       352     1 300000 java.io.Reader
   74  0.25% 25.92%       352    1       352     1 300000 sun.nio.cs.StandardCharsets
   75  0.25% 26.16%       352    1       352     1 300000 java.lang.AbstractStringBuilder
   76  0.25% 26.41%       352    1       352     1 300000 java.io.OutputStream
   77  0.25% 26.66%       352    1       352     1 300000 java.lang.Number
   78  0.25% 26.91%       352    1       352     1 300000 java.util.AbstractList
   79  0.25% 27.15%       352    1       352     1 300000 java.io.FileInputStream
   80  0.25% 27.40%       352    1       352     1 300000 java.util.Collections$EmptyList
   81  0.25% 27.65%       352    1       352     1 300000 java.nio.charset.CoderResult$1
   82  0.25% 27.90%       352    1       352     1 300000 java.util.Collections$EmptyMap
   83  0.25% 28.14%       352    1       352     1 300000 java.util.concurrent.ConcurrentHashMap$Segment
   84  0.25% 28.39%       352    1       352     1 300000 java.util.concurrent.ConcurrentHashMap$Segment[]
   85  0.25% 28.64%       352    1       352     1 300000 java.io.FileDescriptor
   86  0.25% 28.89%       352    1       352     1 300000 java.lang.Boolean
   87  0.25% 29.13%       352    1       352     1 300000 java.lang.Iterable
   88  0.25% 29.38%       352    1       352     1 300000 sun.misc.Signal
   89  0.25% 29.63%       352    1       352     1 300000 java.lang.ref.ReferenceQueue$Null
   90  0.25% 29.88%       352    1       352     1 300000 sun.nio.cs.Unicode
   91  0.25% 30.12%       352    1       352     1 300000 java.lang.Float
   92  0.25% 30.37%       352    1       352     1 300000 java.lang.IncompatibleClassChangeError
   93  0.25% 30.62%       352    1       352     1 300000 java.lang.String
   94  0.25% 30.86%       352    1       352     1 300000 java.lang.String[]
   95  0.25% 31.11%       352    1       352     1 300000 java.security.PrivilegedExceptionAction
   96  0.25% 31.36%       352    1       352     1 300000 java.util.Collections$SynchronizedMap
   97  0.25% 31.61%       352    1       352     1 300000 java.lang.ClassLoader$NativeLibrary
   98  0.25% 31.85%       352    1       352     1 300000 java.lang.Double
   99  0.25% 32.10%       352    1       352     1 300000 java.security.AccessController
  100  0.25% 32.35%       352    1       352     1 300000 java.lang.ref.ReferenceQueue$Lock
  101  0.25% 32.60%       352    1       352     1 300000 sun.misc.JavaIOAccess
  102  0.25% 32.84%       352    1       352     1 300000 sun.misc.NativeSignalHandler
  103  0.25% 33.09%       352    1       352     1 300000 sun.jkernel.DownloadManager$1
  104  0.25% 33.34%       352    1       352     1 300000 java.lang.reflect.Modifier
  105  0.25% 33.59%       352    1       352     1 300000 java.io.UnixFileSystem
  106  0.25% 33.83%       352    1       352     1 300000 java.io.Serializable
  107  0.25% 34.08%       352    1       352     1 300000 java.io.Serializable[]
  108  0.25% 34.33%       352    1       352     1 300000 java.lang.Byte
  109  0.25% 34.58%       352    1       352     1 300000 java.io.ExpiringCache
  110  0.25% 34.82%       352    1       352     1 300000 java.util.RandomAccess
  111  0.25% 35.07%       352    1       352     1 300000 java.util.Comparator
  112  0.25% 35.32%       352    1       352     1 300000 sun.nio.cs.StandardCharsets$Aliases
  113  0.25% 35.57%       352    1       352     1 300000 sun.jkernel.DownloadManager$2
  114  0.25% 35.81%       352    1       352     1 300000 java.lang.ThreadLocal$ThreadLocalMap
  115  0.25% 36.06%       352    1       352     1 300000 java.lang.Runtime
  116  0.25% 36.31%       352    1       352     1 300000 java.lang.Class$3
  117  0.25% 36.56%       352    1       352     1 300000 sun.reflect.MagicAccessorImpl
  118  0.25% 36.80%       352    1       352     1 300000 java.util.concurrent.locks.ReentrantLock$Sync
  119  0.25% 37.05%       352    1       352     1 300000 java.nio.charset.CoderResult$Cache
  120  0.25% 37.30%       352    1       352     1 300000 java.lang.Character
  121  0.25% 37.54%       352    1       352     1 300000 java.lang.reflect.Type
  122  0.25% 37.79%       352    1       352     1 300000 java.lang.reflect.Type[]
  123  0.25% 38.04%       352    1       352     1 300000 java.io.FileOutputStream
  124  0.25% 38.29%       352    1       352     1 300000 sun.misc.VM
  125  0.25% 38.53%       352    1       352     1 300000 java.io.ExpiringCache$Entry
  126  0.25% 38.78%       352    1       352     1 300000 sun.misc.Launcher$AppClassLoader
  127  0.25% 39.03%       352    1       352     1 300000 java.lang.ref.PhantomReference
  128  0.25% 39.28%       352    1       352     1 300000 java.lang.StackTraceElement
  129  0.25% 39.52%       352    1       352     1 300000 java.lang.StackTraceElement[]
  130  0.25% 39.77%       352    1       352     1 300000 java.security.SecureClassLoader
  131  0.25% 40.02%       352    1       352     1 300000 java.lang.ref.SoftReference
  132  0.25% 40.27%       352    1       352     1 300000 sun.misc.AtomicLongCSImpl
  133  0.25% 40.51%       352    1       352     1 300000 sun.reflect.NativeConstructorAccessorImpl
  134  0.25% 40.76%       352    1       352     1 300000 java.util.HashMap
  135  0.25% 41.01%       352    1       352     1 300000 java.lang.VirtualMachineError
  136  0.25% 41.26%       352    1       352     1 300000 java.lang.VirtualMachineError[]
  137  0.25% 41.50%       352    1       352     1 300000 java.lang.ClassCastException
  138  0.25% 41.75%       352    1       352     1 300000 java.util.Collections$EmptySet
  139  0.25% 42.00%       352    1       352     1 300000 java.security.AccessControlContext
  140  0.25% 42.25%       352    1       352     1 300000 java.nio.Buffer
  141  0.25% 42.49%       352    1       352     1 300000 sun.reflect.ConstructorAccessorImpl
  142  0.25% 42.74%       352    1       352     1 300000 java.util.AbstractSet
  143  0.25% 42.99%       352    1       352     1 300000 java.lang.reflect.AccessibleObject
  144  0.25% 43.24%       352    1       352     1 300000 java.lang.reflect.AccessibleObject[]
  145  0.25% 43.48%       352    1       352     1 300000 java.lang.StringCoding$StringDecoder
  146  0.25% 43.73%       352    1       352     1 300000 java.lang.StringBuilder
  147  0.25% 43.98%       352    1       352     1 300000 java.util.LinkedHashMap$Entry
  148  0.25% 44.23%       352    1       352     1 300000 java.util.HashSet
  149  0.25% 44.47%       352    1       352     1 300000 sun.net.www.ParseUtil
  150  0.25% 44.72%       352    1       352     1 300000 java.io.FileSystem
  151  0.25% 44.97%       352    1       352     1 300000 com.sun.demo.jvmti.hprof.Tracker
  152  0.25% 45.21%       352    1       352     1 300000 java.lang.reflect.Method
  153  0.25% 45.46%       352    1       352     1 300000 java.lang.Thread[]
  154  0.25% 45.71%       352    1       352     1 300000 java.util.concurrent.ConcurrentHashMap$HashEntry
  155  0.25% 45.96%       352    1       352     1 300000 java.util.concurrent.ConcurrentHashMap$HashEntry[]
  156  0.25% 46.20%       352    1       352     1 300000 java.util.LinkedHashMap
  157  0.25% 46.45%       352    1       352     1 300000 java.lang.Comparable
  158  0.25% 46.70%       352    1       352     1 300000 java.lang.Comparable[]
  159  0.25% 46.95%       352    1       352     1 300000 java.lang.ThreadLocal$ThreadLocalMap$Entry
  160  0.25% 47.19%       352    1       352     1 300000 java.lang.ThreadLocal$ThreadLocalMap$Entry[]
  161  0.25% 47.44%       352    1       352     1 300000 sun.nio.cs.StandardCharsets$Classes
  162  0.25% 47.69%       352    1       352     1 300000 java.lang.reflect.Member
  163  0.25% 47.94%       352    1       352     1 300000 java.lang.reflect.Member[]
  164  0.25% 48.18%       352    1       352     1 300000 sun.reflect.FieldAccessor
  165  0.25% 48.43%       352    1       352     1 300000 java.lang.Appendable
  166  0.25% 48.68%       352    1       352     1 300000 java.util.Dictionary
  167  0.25% 48.93%       352    1       352     1 300000 java.io.BufferedInputStream
  168  0.25% 49.17%       352    1       352     1 300000 java.util.concurrent.ConcurrentMap
  169  0.25% 49.42%       352    1       352     1 300000 java.nio.ByteBuffer
  170  0.25% 49.67%       352    1       352     1 300000 java.lang.Readable
  171  0.25% 49.92%       352    1       352     1 300000 java.lang.ClassLoader
  172  0.25% 50.16%       352    1       352     1 300000 sun.nio.cs.Surrogate
  173  0.25% 50.41%       352    1       352     1 300000 java.net.URLClassLoader
  174  0.25% 50.66%       352    1       352     1 300000 java.lang.reflect.Field
  175  0.25% 50.91%       352    1       352     1 300000 java.lang.reflect.Field[]
  176  0.25% 51.15%       352    1       352     1 300000 java.nio.CharBuffer
  177  0.25% 51.40%       352    1       352     1 300000 java.lang.Throwable
  178  0.25% 51.65%       352    1       352     1 300000 java.lang.Throwable[]
  179  0.25% 51.89%       352    1       352     1 300000 java.nio.charset.CharsetEncoder
  180  0.25% 52.14%       352    1       352     1 300000 java.security.BasicPermission
  181  0.25% 52.39%       352    1       352     1 300000 java.nio.Bits
  182  0.25% 52.64%       352    1       352     1 300000 java.lang.RuntimeException
  183  0.25% 52.88%       352    1       352     1 300000 java.io.BufferedWriter
  184  0.25% 53.13%       352    1       352     1 300000 java.util.Arrays
  185  0.25% 53.38%       352    1       352     1 300000 java.io.FilterInputStream
  186  0.25% 53.63%       352    1       352     1 300000 java.lang.Exception
  187  0.25% 53.87%       352    1       352     1 300000 java.lang.ApplicationShutdownHooks
  188  0.25% 54.12%       352    1       352     1 300000 java.net.URLStreamHandlerFactory
  189  0.25% 54.37%       352    1       352     1 300000 java.security.Guard
  190  0.25% 54.62%       352    1       352     1 300000 java.lang.NullPointerException
  191  0.25% 54.86%       352    1       352     1 300000 java.lang.annotation.Annotation
  192  0.25% 55.11%       352    1       352     1 300000 java.lang.annotation.Annotation[]
  193  0.25% 55.36%       352    1       352     1 300000 java.lang.Thread$UncaughtExceptionHandler
  194  0.25% 55.61%       352    1       352     1 300000 java.lang.Thread$UncaughtExceptionHandler[]
  195  0.25% 55.85%       352    1       352     1 300000 java.util.Vector
  196  0.25% 56.10%       352    1       352     1 300000 java.lang.IllegalMonitorStateException
  197  0.25% 56.35%       352    1       352     1 300000 java.lang.Short
  198  0.25% 56.60%       352    1       352     1 300000 java.util.Iterator
  199  0.25% 56.84%       352    1       352     1 300000 java.security.Permission
  200  0.25% 57.09%       352    1       352     1 300000 sun.jkernel.DownloadManager
  201  0.25% 57.34%       352    1       352     1 300000 sun.misc.Launcher$ExtClassLoader$1
  202  0.25% 57.59%       352    1       352     1 300000 java.io.Console
  203  0.25% 57.83%       352    1       352     1 300000 java.lang.ClassLoader$3
  204  0.25% 58.08%       352    1       352     1 300000 java.lang.Long
  205  0.25% 58.33%       352    1       352     1 300000 java.lang.Compiler$1
  206  0.25% 58.58%       352    1       352     1 300000 java.lang.OutOfMemoryError
  207  0.25% 58.82%       352    1       352     1 300000 java.lang.OutOfMemoryError[]
  208  0.25% 59.07%       352    1       352     1 300000 java.util.concurrent.locks.AbstractOwnableSynchronizer
  209  0.25% 59.32%       352    1       352     1 300000 sun.reflect.ReflectionFactory$GetReflectionFactoryAction
  210  0.25% 59.56%       352    1       352     1 300000 java.nio.ByteOrder
  211  0.25% 59.81%       352    1       352     1 300000 java.lang.ThreadGroup
  212  0.25% 60.06%       352    1       352     1 300000 java.lang.ThreadGroup[]
  213  0.25% 60.31%       352    1       352     1 300000 sun.nio.cs.UTF_8$Encoder
  214  0.25% 60.55%       352    1       352     1 300000 java.util.concurrent.locks.ReentrantLock$NonfairSync
  215  0.25% 60.80%       352    1       352     1 300000 java.lang.Integer
  216  0.25% 61.05%       352    1       352     1 300000 sun.reflect.ConstantPool
  217  0.25% 61.30%       352    1       352     1 300000 java.lang.Compiler
  218  0.25% 61.54%       352    1       352     1 300000 sun.security.action.GetPropertyAction
  219  0.25% 61.79%       352    1       352     1 300000 java.lang.Shutdown$Lock
  220  0.25% 62.04%       352    1       352     1 300000 java.util.Properties
  221  0.25% 62.29%       352    1       352     1 300000 java.io.Closeable
  222  0.25% 62.53%       352    1       352     1 300000 sun.misc.AtomicLong
  223  0.25% 62.78%       352    1       352     1 300000 java.lang.StackOverflowError
  224  0.25% 63.03%       352    1       352     1 300000 java.io.FileReader
  225  0.25% 63.28%       352    1       352     1 300000 sun.security.util.Debug
  226  0.25% 63.52%       352    1       352     1 300000 java.lang.reflect.Array
  227  0.25% 63.77%       352    1       352     1 300000 java.util.concurrent.locks.Lock
  228  0.25% 64.02%       352    1       352     1 300000 java.util.concurrent.locks.Lock[]
  229  0.25% 64.27%       352    1       352     1 300000 java.nio.charset.CoderResult
  230  0.25% 64.51%       352    1       352     1 300000 java.util.Map
  231  0.25% 64.76%       352    1       352     1 300000 sun.misc.SoftCache
  232  0.25% 65.01%       352    1       352     1 300000 java.lang.ClassNotFoundException
  233  0.25% 65.26%       352    1       352     1 300000 java.io.Writer
  234  0.25% 65.50%       352    1       352     1 300000 java.lang.reflect.GenericDeclaration
  235  0.25% 65.75%       352    1       352     1 300000 java.lang.reflect.GenericDeclaration[]
  236  0.25% 66.00%       352    1       352     1 300000 java.lang.StringCoding$StringEncoder
  237  0.25% 66.24%       352    1       352     1 300000 java.io.InputStream
  238  0.25% 66.49%       352    1       352     1 300000 sun.util.PreHashedMap
  239  0.25% 66.74%       352    1       352     1 300000 sun.nio.cs.StreamEncoder
  240  0.25% 66.99%       352    1       352     1 300000 java.util.HashMap$Entry
  241  0.25% 67.23%       352    1       352     1 300000 java.util.HashMap$Entry[]
  242  0.25% 67.48%       352    1       352     1 300000 java.lang.StringBuffer
  243  0.25% 67.73%       352    1       352     1 300000 java.util.Stack
  244  0.25% 67.98%       352    1       352     1 300000 java.lang.Shutdown
  245  0.25% 68.22%       352    1       352     1 300000 java.io.BufferedReader
  246  0.25% 68.47%       352    1       352     1 300000 java.util.concurrent.locks.AbstractQueuedSynchronizer
  247  0.25% 68.72%       352    1       352     1 300000 java.lang.System
  248  0.25% 68.97%       352    1       352     1 300000 java.util.Hashtable$EmptyEnumerator
  249  0.25% 69.21%       352    1       352     1 300000 java.util.AbstractCollection
  250  0.25% 69.46%       352    1       352     1 300000 sun.reflect.DelegatingClassLoader
  251  0.25% 69.71%       352    1       352     1 300000 sun.net.www.protocol.jar.Handler
  252  0.25% 69.96%       352    1       352     1 300000 sun.nio.cs.Surrogate$Parser
  253  0.25% 70.20%       352    1       352     1 300000 sun.reflect.ReflectionFactory$1
  254  0.25% 70.45%       352    1       352     1 300000 sun.reflect.FieldAccessorImpl
  255  0.25% 70.70%       352    1       352     1 300000 sun.reflect.MethodAccessorImpl
  256  0.25% 70.95%       352    1       352     1 300000 java.util.Hashtable
  257  0.25% 71.19%       352    1       352     1 300000 java.nio.charset.spi.CharsetProvider
  258  0.25% 71.44%       352    1       352     1 300000 java.security.ProtectionDomain
  259  0.25% 71.69%       352    1       352     1 300000 java.lang.ref.Finalizer$FinalizerThread
  260  0.25% 71.94%       352    1       352     1 300000 java.lang.reflect.ReflectPermission
  261  0.25% 72.18%       352    1       352     1 300000 sun.nio.cs.Surrogate$Generator
  262  0.25% 72.43%       352    1       352     1 300000 java.util.Hashtable$Entry
  263  0.25% 72.68%       352    1       352     1 300000 java.util.Hashtable$Entry[]
  264  0.25% 72.93%       352    1       352     1 300000 java.lang.Error
  265  0.25% 73.17%       352    1       352     1 300000 java.lang.Error[]
  266  0.25% 73.42%       352    1       352     1 300000 java.lang.ThreadDeath
  267  0.25% 73.67%       352    1       352     1 300000 java.util.concurrent.atomic.AtomicInteger
  268  0.25% 73.91%       352    1       352     1 300000 java.util.Collection
  269  0.25% 74.16%       352    1       352     1 300000 java.io.ObjectStreamField
  270  0.25% 74.41%       352    1       352     1 300000 java.io.ObjectStreamField[]
  271  0.25% 74.66%       352    1       352     1 300000 java.lang.Object[]
  272  0.25% 74.90%       352    1       352     1 300000 java.lang.ref.Finalizer
  273  0.25% 75.15%       352    1       352     1 300000 java.io.BufferedOutputStream
  274  0.25% 75.40%       352    1       352     1 300000 java.util.concurrent.locks.AbstractQueuedSynchronizer$Node
  275  0.25% 75.65%       352    1       352     1 300000 java.lang.ArrayStoreException
  276  0.25% 75.89%       352    1       352     1 300000 java.lang.ref.Reference$Lock
  277  0.25% 76.14%       352    1       352     1 300000 java.io.Console$1$1
  278  0.25% 76.39%       352    1       352     1 300000 java.lang.Class$1
  279  0.25% 76.64%       352    1       352     1 300000 java.lang.Terminator$1
  280  0.25% 76.88%       352    1       352     1 300000 java.nio.charset.Charset
  281  0.25% 77.13%       352    1       352     1 300000 java.net.URLClassLoader$7
  282  0.25% 77.38%       352    1       352     1 300000 sun.reflect.LangReflectAccess
  283  0.25% 77.63%       352    1       352     1 300000 sun.misc.MetaIndex
  284  0.25% 77.87%       352    1       352     1 300000 java.lang.SystemClassLoaderAction
  285  0.25% 78.12%       352    1       352     1 300000 sun.reflect.misc.ReflectUtil
  286  0.25% 78.37%       352    1       352     1 300000 java.util.Hashtable$EmptyIterator
  287  0.25% 78.62%       352    1       352     1 300000 java.util.StringTokenizer
  288  0.25% 78.86%       352    1       352     1 300000 sun.misc.JavaNetAccess
  289  0.25% 79.11%       352    1       352     1 300000 sun.misc.URLClassPath
  290  0.25% 79.36%       352    1       352     1 300000 java.nio.HeapCharBuffer
  291  0.25% 79.61%       352    1       352     1 300000 sun.nio.cs.StandardCharsets$Cache
  292  0.25% 79.85%       352    1       352     1 300000 sun.reflect.ReflectionFactory
  293  0.25% 80.10%       352    1       352     1 300000 java.lang.reflect.Constructor
  294  0.25% 80.35%       352    1       352     1 300000 java.lang.reflect.Constructor[]
  295  0.25% 80.59%       352    1       352     1 300000 sun.misc.JavaLangAccess
  296  0.25% 80.84%       352    1       352     1 300000 java.lang.ref.ReferenceQueue
  297  0.25% 81.09%       352    1       352     1 300000 sun.net.www.protocol.file.Handler
  298  0.25% 81.34%       352    1       352     1 300000 java.io.File$1
  299  0.25% 81.58%       352    1       352     1 300000 java.lang.StringCoding
  300  0.25% 81.83%       352    1       352     1 300000 sun.misc.Launcher
  301  0.25% 82.08%       352    1       352     1 300000 sun.misc.Unsafe
  302  0.25% 82.33%       352    1       352     1 300000 java.lang.Class
  303  0.25% 82.57%       352    1       352     1 300000 java.lang.Class[]
  304  0.25% 82.82%       352    1       352     1 300000 java.util.Enumeration
  305  0.25% 83.07%       352    1       352     1 300000 java.io.Flushable
  306  0.25% 83.32%       352    1       352     1 300000 java.lang.RuntimePermission
  307  0.25% 83.56%       352    1       352     1 300000 java.io.File
  308  0.25% 83.81%       352    1       352     1 300000 java.io.File[]
  309  0.25% 84.06%       352    1       352     1 300000 java.lang.Math
  310  0.25% 84.31%       352    1       352     1 300000 java.util.ArrayList
  311  0.25% 84.55%       352    1       352     1 300000 java.nio.charset.CodingErrorAction
  312  0.25% 84.80%       352    1       352     1 300000 java.lang.CharacterDataLatin1
  313  0.25% 85.05%       352    1       352     1 300000 sun.misc.Launcher$AppClassLoader$1
  314  0.25% 85.30%       352    1       352     1 300000 java.io.ExpiringCache$1
  315  0.25% 85.54%       352    1       352     1 300000 java.nio.charset.CoderResult$2
  316  0.25% 85.79%       352    1       352     1 300000 java.util.Set
  317  0.25% 86.04%       352    1       352     1 300000 java.util.concurrent.atomic.AtomicReferenceFieldUpdater
  318  0.25% 86.29%       352    1       352     1 300000 java.lang.ref.WeakReference
  319  0.25% 86.53%       352    1       352     1 300000 java.lang.ref.WeakReference[]
  320  0.25% 86.78%       352    1       352     1 300000 sun.reflect.ConstructorAccessor
  321  0.25% 87.03%       352    1       352     1 300000 java.io.ObjectStreamClass
  322  0.25% 87.28%       352    1       352     1 300000 java.util.concurrent.atomic.AtomicReferenceFieldUpdater$AtomicReferenceFieldUpdaterImpl
  323  0.25% 87.52%       352    1       352     1 300000 sun.nio.cs.HistoricallyNamedCharset
  324  0.25% 87.77%       352    1       352     1 300000 sun.misc.JavaIODeleteOnExitAccess
  325  0.25% 88.02%       352    1       352     1 300000 java.net.Parts
  326  0.25% 88.26%       352    1       352     1 300000 boolean[]
  327  0.25% 88.51%       352    1       352     1 300000 byte[]
  328  0.25% 88.76%       352    1       352     1 300000 char[]
  329  0.25% 89.01%       352    1       352     1 300000 int[]
  330  0.25% 89.25%       352    1       352     1 300000 short[]
  331  0.25% 89.50%       352    1       352     1 300000 long[]
  332  0.25% 89.75%       352    1       352     1 300000 float[]
  333  0.25% 90.00%       352    1       352     1 300000 double[]
  334  0.25% 90.24%       352    1       352     1 300019 java.net.URLClassLoader$1
  335  0.25% 90.49%       352    1       352     1 300023 sun.misc.URLClassPath$3
  336  0.25% 90.74%       352    1       352     1 300025 sun.misc.URLClassPath$Loader
  337  0.25% 90.99%       352    1       352     1 300025 sun.misc.URLClassPath$JarLoader
  338  0.25% 91.23%       352    1       352     1 300056 java.security.PrivilegedActionException
  339  0.25% 91.48%       352    1       352     1 300059 sun.misc.URLClassPath$FileLoader
  340  0.25% 91.73%       352    6       352     6 300111 char[]
  341  0.25% 91.98%       352    1       352     1 300117 java.util.AbstractList$Itr
  342  0.25% 92.22%       352    1       352     1 300119 java.util.IdentityHashMap$KeySet
  343  0.25% 92.47%       352    1       352     1 300121 java.util.IdentityHashMap$IdentityHashMapIterator
  344  0.25% 92.72%       352    1       352     1 300121 java.util.IdentityHashMap$KeyIterator
  345  0.25% 92.97%       352    1       352     1 300123 java.io.DeleteOnExitHook
  346  0.25% 93.21%       352    1       352     1 300124 java.util.LinkedHashSet
  347  0.25% 93.46%       352    1       352     1 300132 java.util.HashMap$KeySet
  348  0.25% 93.71%       352    1       352     1 300134 java.util.LinkedHashMap$LinkedHashIterator
  349  0.25% 93.96%       352    1       352     1 300134 java.util.LinkedHashMap$KeyIterator
  350  0.24% 94.19%       336    7       336     7 300105 char[]
  351  0.24% 94.43%       336    7       336     7 300107 char[]
  352  0.22% 94.65%       312    3       312     3 300001 java.lang.Thread
  353  0.20% 94.85%       288    6       288     6 300109 char[]
  354  0.17% 95.02%       248    5       248     5 300010 char[]
  355  0.17% 95.19%       240    2       240     2 300080 char[]
  356  0.16% 95.35%       224    4       224     4 300042 java.net.URL
  357  0.15% 95.50%       208    1       208     1 300071 byte[]
  358  0.13% 95.63%       192    4       192     4 300005 char[]
  359  0.13% 95.77%       192    4       192     4 300027 char[]
  360  0.13% 95.90%       192    4       192     4 300046 char[]
  361  0.12% 96.02%       168    2       168     2 300097 char[]
  362  0.12% 96.14%       168    7       168     7 300112 java.lang.String
  363  0.12% 96.26%       168    7       168     7 300114 java.lang.String
  364  0.11% 96.37%       160    3       160     3 300006 char[]
  365  0.11% 96.48%       160    4       160     4 300044 sun.misc.URLClassPath$JarLoader
  366  0.11% 96.59%       152    3       152     3 300003 char[]
  367  0.10% 96.69%       144    3       144     3 300031 char[]
  368  0.10% 96.79%       144    6       144     6 300110 java.lang.String
  369  0.09% 96.88%       128    2       128     2 300012 char[]
  370  0.09% 96.97%       128    1       128     1 300092 char[]
  371  0.08% 97.05%       120    5       120     5 300053 java.lang.String
  372  0.08% 97.14%       120    5       120     5 300054 java.util.HashMap$Entry
  373  0.08% 97.22%       112    1       112     1 300066 char[]
  374  0.08% 97.30%       112    1       112     1 300069 char[]
  375  0.08% 97.37%       112    7       112     7 300104 java.lang.StringBuilder
  376  0.08% 97.45%       112    7       112     7 300106 java.lang.StringBuilder
  377  0.07% 97.53%       104    1       104     1 300103 char[]
  378  0.07% 97.59%        96    4        96     4 300009 java.lang.String
  379  0.07% 97.66%        96    4        96     4 300038 java.lang.String
  380  0.07% 97.73%        96    4        96     4 300040 java.lang.String
  381  0.07% 97.80%        96    4        96     4 300043 java.net.Parts
  382  0.07% 97.86%        96    4        96     4 300048 java.lang.String
  383  0.07% 97.93%        96    2        96     2 300078 char[]
  384  0.07% 98.00%        96    2        96     2 300095 char[]
  385  0.07% 98.07%        96    6        96     6 300108 java.lang.StringBuilder
  386  0.06% 98.12%        80    5        80     5 300024 sun.misc.URLClassPath$3
  387  0.06% 98.18%        80    1        80     1 300116 char[]
  388  0.06% 98.23%        80    2        80     2 300122 java.util.IdentityHashMap$KeyIterator
  389  0.06% 98.29%        80    1        80     1 300127 java.util.HashMap$Entry[]
  390  0.05% 98.34%        72    3        72     3 300007 java.lang.String
  391  0.05% 98.39%        72    3        72     3 300032 java.lang.String
  392  0.05% 98.44%        72    1        72     1 300082 char[]
  393  0.04% 98.49%        64    4        64     4 300004 java.lang.StringBuilder
  394  0.04% 98.53%        64    2        64     2 300021 char[]
  395  0.04% 98.58%        64    4        64     4 300026 java.lang.StringBuilder
  396  0.04% 98.62%        64    4        64     4 300036 java.lang.StringBuffer
  397  0.04% 98.67%        64    4        64     4 300045 java.lang.StringBuilder
  398  0.04% 98.71%        64    4        64     4 300050 java.io.File
  399  0.04% 98.76%        64    2        64     2 300055 java.lang.ClassNotFoundException
  400  0.04% 98.80%        64    2        64     2 300057 java.security.PrivilegedActionException
  401  0.04% 98.84%        56    1        56     1 300076 java.net.URL
  402  0.04% 98.88%        56    1        56     1 300086 java.net.URL
  403  0.03% 98.91%        48    1        48     1 300017 char[]
  404  0.03% 98.95%        48    2        48     2 300022 java.lang.String
  405  0.03% 98.98%        48    3        48     3 300030 java.lang.StringBuilder
  406  0.03% 99.02%        48    3        48     3 300033 char[]
  407  0.03% 99.05%        48    1        48     1 300062 char[]
  408  0.03% 99.08%        48    2        48     2 300079 java.lang.String
  409  0.03% 99.12%        48    1        48     1 300090 char[]
  410  0.03% 99.15%        48    2        48     2 300096 java.lang.String
  411  0.03% 99.18%        48    1        48     1 300101 char[]
  412  0.03% 99.22%        48    1        48     1 300126 java.util.LinkedHashMap
  413  0.03% 99.25%        40    1        40     1 300099 java.lang.StackTraceElement[]
  414  0.02% 99.27%        32    1        32     1 300015 java.lang.ClassNotFoundException
  415  0.02% 99.29%        32    1        32     1 300029 java.io.ObjectStreamField
  416  0.02% 99.31%        32    1        32     1 300034 java.io.ObjectStreamField
  417  0.02% 99.34%        32    1        32     1 300035 java.io.ObjectStreamField
  418  0.02% 99.36%        32    1        32     1 300074 java.util.LinkedHashMap$Entry
  419  0.02% 99.38%        32    2        32     2 300077 java.lang.StringBuilder
  420  0.02% 99.40%        32    1        32     1 300083 char[]
  421  0.02% 99.43%        32    1        32     1 300085 char[]
  422  0.02% 99.45%        32    2        32     2 300094 java.lang.StringBuilder
  423  0.02% 99.47%        32    1        32     1 300128 java.util.LinkedHashMap$Entry
  424  0.02% 99.49%        32    1        32     1 300135 java.util.LinkedHashMap$KeyIterator
  425  0.02% 99.51%        24    3        24     3 300002 java.lang.Object
  426  0.02% 99.53%        24    1        24     1 300011 java.lang.String
  427  0.02% 99.54%        24    1        24     1 300018 java.lang.String
  428  0.02% 99.56%        24    1        24     1 300028 java.io.ObjectStreamField[]
  429  0.02% 99.58%        24    1        24     1 300063 java.lang.String
  430  0.02% 99.60%        24    1        24     1 300067 java.lang.String
  431  0.02% 99.61%        24    1        24     1 300068 java.lang.String
  432  0.02% 99.63%        24    1        24     1 300070 java.lang.String
  433  0.02% 99.65%        24    1        24     1 300072 java.lang.String
  434  0.02% 99.66%        24    1        24     1 300073 java.io.ExpiringCache$Entry
  435  0.02% 99.68%        24    1        24     1 300081 java.lang.String
  436  0.02% 99.70%        24    1        24     1 300084 java.lang.String
  437  0.02% 99.71%        24    1        24     1 300087 java.lang.String
  438  0.02% 99.73%        24    1        24     1 300091 java.lang.String
  439  0.02% 99.75%        24    1        24     1 300093 java.lang.NoClassDefFoundError
  440  0.02% 99.76%        24    1        24     1 300102 java.lang.String
  441  0.02% 99.78%        24    1        24     1 300118 java.util.AbstractList$Itr
  442  0.02% 99.80%        24    1        24     1 300130 java.util.ArrayList
  443  0.02% 99.81%        24    1        24     1 300136 java.util.AbstractList$Itr
  444  0.01% 99.83%        16    1        16     1 300016 java.lang.StringBuilder
  445  0.01% 99.84%        16    1        16     1 300020 java.net.URLClassLoader$1
  446  0.01% 99.85%        16    1        16     1 300058 java.net.URLClassLoader$1
  447  0.01% 99.86%        16    1        16     1 300060 sun.misc.URLClassPath$FileLoader
  448  0.01% 99.87%        16    1        16     1 300061 java.lang.StringBuilder
  449  0.01% 99.88%        16    1        16     1 300064 java.io.File
  450  0.01% 99.89%        16    1        16     1 300065 java.lang.StringBuffer
  451  0.01% 99.90%        16    1        16     1 300075 java.io.File
  452  0.01% 99.92%        16    1        16     1 300088 java.io.File
  453  0.01% 99.93%        16    1        16     1 300089 java.lang.StringBuilder
  454  0.01% 99.94%        16    1        16     1 300098 java.lang.StackTraceElement[]
  455  0.01% 99.95%        16    1        16     1 300100 java.lang.StringBuilder
  456  0.01% 99.96%        16    1        16     1 300120 java.util.IdentityHashMap$KeySet
  457  0.01% 99.97%        16    1        16     1 300125 java.util.LinkedHashSet
  458  0.01% 99.98%        16    1        16     1 300131 java.lang.Object[]
  459  0.01% 99.99%        16    1        16     1 300133 java.util.HashMap$KeySet
SITES END
